Physical papers: 1396 verified 311 pending 1085
{
  "updated_at": "2026-10-04T03:54:58.684400+00:00",
  "run_status": "INCOMPLETE",
  "direct_units": 6159,
  "derived_units": 2313,
  "identified_units": 8472,
  "decisions": {
    "UNRESOLVED_ERROR": 6054,
    "KEEP": 2106,
    "REJECT": 242,
    "BORDERLINE": 70
  },
  "screened_formats": {
    "theory": 1186,
    "experimental": 105,
    "multiple_choice": 733,
    "mixed": 17,
    "numerical": 340,
    "data_analysis": 37
  },
  "keep_domains": {
    "I_force_motion": 1464,
    "II_oscillations_waves": 325,
    "VII_magnetic_field": 123,
    "IV_thermodynamics": 171,
    "XI_quantum_light": 60,
    "III_ideal_gas": 114,
    "X_wave_optics": 193,
    "VIII_induction": 42,
    "IX_em_oscillations_waves": 42,
    "VI_electric_field": 267,
    "XII_atomic_nuclear": 43,
    "V_real_gas": 4,
    "XII_nuclear_physics": 2
  },
  "pending_content_units": 6054,
  "remaining_queue_items": 7139,
  "containers_pending": 0,
  "containers_expanded": 233,
  "pdfs_cached": 2984,
  "source_rows_accounted": 6392,
  "boundary_inventory_complete": false,
  "identified_unit_reconciliation": true,
  "unexplained_identified_units": 0,
  "awaiting_content_review": 6049,
  "explicit_statement_unavailable": 5,
  "focused_reviews_pending": 0,
  "pending_physical_paper_boundary_audits": 1085,
  "registered_inventory_is_provisional": true
}
{
  "selected_units": 2106,
  "verified_distinct_selected_questions": 2102,
  "unique_physical_files": 479,
  "raw_acquisition_files": 463,
  "source_linked_reference_files": 16,
  "byte_size": 242415830,
  "hardlinks": 479,
  "copies": 0,
  "hash_mismatches": 0,
  "selection_is_complete": false
}
{
  "checked_at": "2026-10-04T03:55:03.319042+00:00",
  "run_status": "INCOMPLETE",
  "source_rows": 6392,
  "direct_units_in_inventory": 6159,
  "whole_paper_containers": 233,
  "identified_top_level_units": 8472,
  "reviewed_units": 2418,
  "verified_equivalence_records": 5,
  "reviewed_units_after_verified_equivalences": 2413,
  "reviewed_direct_units": 2038,
  "reviewed_derived_units": 380,
  "decisions": {
    "UNRESOLVED_ERROR": 6054,
    "KEEP": 2106,
    "REJECT": 242,
    "BORDERLINE": 70
  },
  "decision_percentages_of_reviewed": {
    "KEEP": 87.097,
    "BORDERLINE": 2.895,
    "REJECT": 10.008
  },
  "pending_known_units": 6054,
  "awaiting_content_review": 6049,
  "statement_unavailable_units": 5,
  "pending_containers": 0,
  "full_top_level_inventory_known": false,
  "embedded_unindexed_units_discovered": 50,
  "formats": [
    {
      "format": "theory",
      "reviewed": 1186,
      "KEEP": 924,
      "BORDERLINE": 61,
      "REJECT": 201
    },
    {
      "format": "multiple_choice",
      "reviewed": 733,
      "KEEP": 731,
      "BORDERLINE": 1,
      "REJECT": 1
    },
    {
      "format": "short_answer",
      "reviewed": 0,
      "KEEP": 0,
      "BORDERLINE": 0,
      "REJECT": 0
    },
    {
      "format": "numerical",
      "reviewed": 340,
      "KEEP": 302,
      "BORDERLINE": 3,
      "REJECT": 35
    },
    {
      "format": "experimental",
      "reviewed": 105,
      "KEEP": 100,
      "BORDERLINE": 2,
      "REJECT": 3
    },
    {
      "format": "data_analysis",
      "reviewed": 37,
      "KEEP": 33,
      "BORDERLINE": 3,
      "REJECT": 1
    },
    {
      "format": "mixed",
      "reviewed": 17,
      "KEEP": 16,
      "BORDERLINE": 0,
      "REJECT": 1
    },
    {
      "format": "unknown",
      "reviewed": 0,
      "KEEP": 0,
      "BORDERLINE": 0,
      "REJECT": 0
    }
  ],
  "domains": [
    {
      "domain": "I_force_motion",
      "KEEP": 1464,
      "BORDERLINE": 25,
      "REJECT": 5
    },
    {
      "domain": "II_oscillations_waves",
      "KEEP": 325,
      "BORDERLINE": 13,
      "REJECT": 7
    },
    {
      "domain": "III_ideal_gas",
      "KEEP": 114,
      "BORDERLINE": 6,
      "REJECT": 1
    },
    {
      "domain": "IV_thermodynamics",
      "KEEP": 171,
      "BORDERLINE": 15,
      "REJECT": 2
    },
    {
      "domain": "V_real_gas",
      "KEEP": 4,
      "BORDERLINE": 1,
      "REJECT": 0
    },
    {
      "domain": "VI_electric_field",
      "KEEP": 267,
      "BORDERLINE": 5,
      "REJECT": 2
    },
    {
      "domain": "VII_magnetic_field",
      "KEEP": 123,
      "BORDERLINE": 7,
      "REJECT": 3
    },
    {
      "domain": "VIII_induction",
      "KEEP": 42,
      "BORDERLINE": 4,
      "REJECT": 0
    },
    {
      "domain": "IX_em_oscillations_waves",
      "KEEP": 42,
      "BORDERLINE": 4,
      "REJECT": 0
    },
    {
      "domain": "X_wave_optics",
      "KEEP": 193,
      "BORDERLINE": 8,
      "REJECT": 0
    },
    {
      "domain": "XI_quantum_light",
      "KEEP": 60,
      "BORDERLINE": 7,
      "REJECT": 0
    },
    {
      "domain": "XII_atomic_nuclear",
      "KEEP": 43,
      "BORDERLINE": 3,
      "REJECT": 1
    }
  ],
  "selected_statement_physical_files": 185,
  "selected_all_physical_files": 479,
  "selected_raw_acquisition_files": 463,
  "source_linked_reference_files": 16,
  "curated_byte_size": 242415830,
  "hardlinks": 479,
  "copies": 0,
  "validated_file_types": {
    "pdf": 365,
    "zip": 53,
    "tex": 50,
    "exe": 1,
    "other": 10
  },
  "pdf_pages_validated": 3315,
  "visual_inspection_reviewed_units": 2203,
  "solution_used_reviewed_units": 187,
  "reviewed_source_sha256_count": 189,
  "zero_unexplained_identified_units": true,
  "zero_unexplained_source_rows": true,
  "whole_corpus_screening_complete": false,
  "validation_issues": [],
  "actual_operational_errors": 0
}
{
  "registered_units": 8472,
  "decisioned_units": 2418,
  "awaiting_content_review": 6049,
  "statement_unavailable": 5,
  "decisions": {
    "BORDERLINE": 70,
    "KEEP": 2106,
    "REJECT": 242
  },
  "containers_expanded": 233,
  "containers_pending": 0,
  "original_205_preserved": true,
  "new_second_review_units": 439,
  "total_distinct_second_review_units": 644,
  "low_confidence_units": 0,
  "focused_reviews_pending": 0
}
Raw check: 3312 files; 0 mismatches
