Physical papers: 1396 verified 309 pending 1087
{
  "updated_at": "2026-10-04T03:38:43.404873+00:00",
  "run_status": "INCOMPLETE",
  "direct_units": 6159,
  "derived_units": 2313,
  "identified_units": 8472,
  "decisions": {
    "UNRESOLVED_ERROR": 6120,
    "KEEP": 2064,
    "REJECT": 221,
    "BORDERLINE": 67
  },
  "screened_formats": {
    "theory": 1137,
    "experimental": 101,
    "multiple_choice": 733,
    "mixed": 15,
    "numerical": 331,
    "data_analysis": 35
  },
  "keep_domains": {
    "I_force_motion": 1442,
    "II_oscillations_waves": 318,
    "VII_magnetic_field": 117,
    "IV_thermodynamics": 166,
    "XI_quantum_light": 60,
    "III_ideal_gas": 111,
    "X_wave_optics": 189,
    "VIII_induction": 40,
    "IX_em_oscillations_waves": 42,
    "VI_electric_field": 260,
    "XII_atomic_nuclear": 42,
    "V_real_gas": 2,
    "XII_nuclear_physics": 2
  },
  "pending_content_units": 6120,
  "remaining_queue_items": 7207,
  "containers_pending": 0,
  "containers_expanded": 233,
  "pdfs_cached": 2984,
  "source_rows_accounted": 6392,
  "boundary_inventory_complete": false,
  "identified_unit_reconciliation": true,
  "unexplained_identified_units": 0,
  "awaiting_content_review": 6115,
  "explicit_statement_unavailable": 5,
  "focused_reviews_pending": 0,
  "pending_physical_paper_boundary_audits": 1087,
  "registered_inventory_is_provisional": true
}
{
  "selected_units": 2064,
  "verified_distinct_selected_questions": 2060,
  "unique_physical_files": 476,
  "raw_acquisition_files": 461,
  "source_linked_reference_files": 15,
  "byte_size": 242146827,
  "hardlinks": 476,
  "copies": 0,
  "hash_mismatches": 0,
  "selection_is_complete": false
}
{
  "checked_at": "2026-10-04T03:38:47.933204+00:00",
  "run_status": "INCOMPLETE",
  "source_rows": 6392,
  "direct_units_in_inventory": 6159,
  "whole_paper_containers": 233,
  "identified_top_level_units": 8472,
  "reviewed_units": 2352,
  "verified_equivalence_records": 5,
  "reviewed_units_after_verified_equivalences": 2347,
  "reviewed_direct_units": 1972,
  "reviewed_derived_units": 380,
  "decisions": {
    "UNRESOLVED_ERROR": 6120,
    "KEEP": 2064,
    "REJECT": 221,
    "BORDERLINE": 67
  },
  "decision_percentages_of_reviewed": {
    "KEEP": 87.755,
    "BORDERLINE": 2.849,
    "REJECT": 9.396
  },
  "pending_known_units": 6120,
  "awaiting_content_review": 6115,
  "statement_unavailable_units": 5,
  "pending_containers": 0,
  "full_top_level_inventory_known": false,
  "embedded_unindexed_units_discovered": 50,
  "formats": [
    {
      "format": "theory",
      "reviewed": 1137,
      "KEEP": 892,
      "BORDERLINE": 59,
      "REJECT": 186
    },
    {
      "format": "multiple_choice",
      "reviewed": 733,
      "KEEP": 731,
      "BORDERLINE": 1,
      "REJECT": 1
    },
    {
      "format": "short_answer",
      "reviewed": 0,
      "KEEP": 0,
      "BORDERLINE": 0,
      "REJECT": 0
    },
    {
      "format": "numerical",
      "reviewed": 331,
      "KEEP": 297,
      "BORDERLINE": 3,
      "REJECT": 31
    },
    {
      "format": "experimental",
      "reviewed": 101,
      "KEEP": 97,
      "BORDERLINE": 1,
      "REJECT": 3
    },
    {
      "format": "data_analysis",
      "reviewed": 35,
      "KEEP": 32,
      "BORDERLINE": 3,
      "REJECT": 0
    },
    {
      "format": "mixed",
      "reviewed": 15,
      "KEEP": 15,
      "BORDERLINE": 0,
      "REJECT": 0
    },
    {
      "format": "unknown",
      "reviewed": 0,
      "KEEP": 0,
      "BORDERLINE": 0,
      "REJECT": 0
    }
  ],
  "domains": [
    {
      "domain": "I_force_motion",
      "KEEP": 1442,
      "BORDERLINE": 24,
      "REJECT": 5
    },
    {
      "domain": "II_oscillations_waves",
      "KEEP": 318,
      "BORDERLINE": 13,
      "REJECT": 7
    },
    {
      "domain": "III_ideal_gas",
      "KEEP": 111,
      "BORDERLINE": 5,
      "REJECT": 1
    },
    {
      "domain": "IV_thermodynamics",
      "KEEP": 166,
      "BORDERLINE": 13,
      "REJECT": 2
    },
    {
      "domain": "V_real_gas",
      "KEEP": 2,
      "BORDERLINE": 0,
      "REJECT": 0
    },
    {
      "domain": "VI_electric_field",
      "KEEP": 260,
      "BORDERLINE": 5,
      "REJECT": 2
    },
    {
      "domain": "VII_magnetic_field",
      "KEEP": 117,
      "BORDERLINE": 7,
      "REJECT": 3
    },
    {
      "domain": "VIII_induction",
      "KEEP": 40,
      "BORDERLINE": 4,
      "REJECT": 0
    },
    {
      "domain": "IX_em_oscillations_waves",
      "KEEP": 42,
      "BORDERLINE": 4,
      "REJECT": 0
    },
    {
      "domain": "X_wave_optics",
      "KEEP": 189,
      "BORDERLINE": 8,
      "REJECT": 0
    },
    {
      "domain": "XI_quantum_light",
      "KEEP": 60,
      "BORDERLINE": 7,
      "REJECT": 0
    },
    {
      "domain": "XII_atomic_nuclear",
      "KEEP": 42,
      "BORDERLINE": 3,
      "REJECT": 1
    }
  ],
  "selected_statement_physical_files": 183,
  "selected_all_physical_files": 476,
  "selected_raw_acquisition_files": 461,
  "source_linked_reference_files": 15,
  "curated_byte_size": 242146827,
  "hardlinks": 476,
  "copies": 0,
  "validated_file_types": {
    "pdf": 363,
    "zip": 53,
    "tex": 50,
    "exe": 1,
    "other": 9
  },
  "pdf_pages_validated": 3300,
  "visual_inspection_reviewed_units": 2137,
  "solution_used_reviewed_units": 187,
  "reviewed_source_sha256_count": 188,
  "zero_unexplained_identified_units": true,
  "zero_unexplained_source_rows": true,
  "whole_corpus_screening_complete": false,
  "validation_issues": [],
  "actual_operational_errors": 0
}
{
  "registered_units": 8472,
  "decisioned_units": 2352,
  "awaiting_content_review": 6115,
  "statement_unavailable": 5,
  "decisions": {
    "BORDERLINE": 67,
    "KEEP": 2064,
    "REJECT": 221
  },
  "containers_expanded": 233,
  "containers_pending": 0,
  "original_205_preserved": true,
  "new_second_review_units": 399,
  "total_distinct_second_review_units": 604,
  "low_confidence_units": 0,
  "focused_reviews_pending": 0
}
Raw check: 3312 files; 0 mismatches
