Physical papers: 1396 verified 339 pending 1057
{
  "updated_at": "2026-10-04T05:20:02.908819+00:00",
  "run_status": "INCOMPLETE",
  "direct_units": 6159,
  "derived_units": 2313,
  "identified_units": 8472,
  "decisions": {
    "UNRESOLVED_ERROR": 5882,
    "KEEP": 2220,
    "REJECT": 289,
    "BORDERLINE": 81
  },
  "screened_formats": {
    "theory": 1314,
    "experimental": 127,
    "mixed": 18,
    "multiple_choice": 733,
    "numerical": 351,
    "data_analysis": 47
  },
  "keep_domains": {
    "I_force_motion": 1524,
    "II_oscillations_waves": 353,
    "IX_em_oscillations_waves": 50,
    "X_wave_optics": 202,
    "XI_quantum_light": 63,
    "VII_magnetic_field": 136,
    "VIII_induction": 48,
    "III_ideal_gas": 128,
    "VI_electric_field": 282,
    "IV_thermodynamics": 187,
    "XII_atomic_nuclear": 44,
    "V_real_gas": 7,
    "XII_nuclear_physics": 2
  },
  "pending_content_units": 5882,
  "remaining_queue_items": 6939,
  "containers_pending": 0,
  "containers_expanded": 233,
  "pdfs_cached": 2984,
  "source_rows_accounted": 6392,
  "boundary_inventory_complete": false,
  "identified_unit_reconciliation": true,
  "unexplained_identified_units": 0,
  "awaiting_content_review": 5877,
  "explicit_statement_unavailable": 5,
  "focused_reviews_pending": 0,
  "pending_physical_paper_boundary_audits": 1057,
  "registered_inventory_is_provisional": true
}
{
  "selected_units": 2220,
  "verified_distinct_selected_questions": 2216,
  "unique_physical_files": 569,
  "raw_acquisition_files": 551,
  "source_linked_reference_files": 18,
  "source_linked_reference_associations": 19,
  "byte_size": 347934911,
  "hardlinks": 569,
  "copies": 0,
  "hash_mismatches": 0,
  "selection_is_complete": false
}
{
  "checked_at": "2026-10-04T05:20:08.898922+00:00",
  "run_status": "INCOMPLETE",
  "source_rows": 6392,
  "direct_units_in_inventory": 6159,
  "whole_paper_containers": 233,
  "identified_top_level_units": 8472,
  "reviewed_units": 2590,
  "verified_equivalence_records": 5,
  "reviewed_units_after_verified_equivalences": 2585,
  "reviewed_direct_units": 2210,
  "reviewed_derived_units": 380,
  "decisions": {
    "UNRESOLVED_ERROR": 5882,
    "KEEP": 2220,
    "REJECT": 289,
    "BORDERLINE": 81
  },
  "decision_percentages_of_reviewed": {
    "KEEP": 85.714,
    "BORDERLINE": 3.127,
    "REJECT": 11.158
  },
  "pending_known_units": 5882,
  "awaiting_content_review": 5877,
  "statement_unavailable_units": 5,
  "pending_containers": 0,
  "full_top_level_inventory_known": false,
  "embedded_unindexed_units_discovered": 50,
  "formats": [
    {
      "format": "theory",
      "reviewed": 1314,
      "KEEP": 1002,
      "BORDERLINE": 67,
      "REJECT": 245
    },
    {
      "format": "multiple_choice",
      "reviewed": 733,
      "KEEP": 731,
      "BORDERLINE": 1,
      "REJECT": 1
    },
    {
      "format": "short_answer",
      "reviewed": 0,
      "KEEP": 0,
      "BORDERLINE": 0,
      "REJECT": 0
    },
    {
      "format": "numerical",
      "reviewed": 351,
      "KEEP": 311,
      "BORDERLINE": 3,
      "REJECT": 37
    },
    {
      "format": "experimental",
      "reviewed": 127,
      "KEEP": 116,
      "BORDERLINE": 7,
      "REJECT": 4
    },
    {
      "format": "data_analysis",
      "reviewed": 47,
      "KEEP": 43,
      "BORDERLINE": 3,
      "REJECT": 1
    },
    {
      "format": "mixed",
      "reviewed": 18,
      "KEEP": 17,
      "BORDERLINE": 0,
      "REJECT": 1
    },
    {
      "format": "unknown",
      "reviewed": 0,
      "KEEP": 0,
      "BORDERLINE": 0,
      "REJECT": 0
    }
  ],
  "domains": [
    {
      "domain": "I_force_motion",
      "KEEP": 1524,
      "BORDERLINE": 33,
      "REJECT": 5
    },
    {
      "domain": "II_oscillations_waves",
      "KEEP": 353,
      "BORDERLINE": 17,
      "REJECT": 7
    },
    {
      "domain": "III_ideal_gas",
      "KEEP": 128,
      "BORDERLINE": 9,
      "REJECT": 1
    },
    {
      "domain": "IV_thermodynamics",
      "KEEP": 187,
      "BORDERLINE": 18,
      "REJECT": 2
    },
    {
      "domain": "V_real_gas",
      "KEEP": 7,
      "BORDERLINE": 2,
      "REJECT": 0
    },
    {
      "domain": "VI_electric_field",
      "KEEP": 282,
      "BORDERLINE": 6,
      "REJECT": 2
    },
    {
      "domain": "VII_magnetic_field",
      "KEEP": 136,
      "BORDERLINE": 8,
      "REJECT": 3
    },
    {
      "domain": "VIII_induction",
      "KEEP": 48,
      "BORDERLINE": 4,
      "REJECT": 0
    },
    {
      "domain": "IX_em_oscillations_waves",
      "KEEP": 50,
      "BORDERLINE": 5,
      "REJECT": 0
    },
    {
      "domain": "X_wave_optics",
      "KEEP": 202,
      "BORDERLINE": 9,
      "REJECT": 0
    },
    {
      "domain": "XI_quantum_light",
      "KEEP": 63,
      "BORDERLINE": 7,
      "REJECT": 0
    },
    {
      "domain": "XII_atomic_nuclear",
      "KEEP": 44,
      "BORDERLINE": 3,
      "REJECT": 1
    }
  ],
  "selected_statement_physical_files": 213,
  "selected_all_physical_files": 569,
  "selected_raw_acquisition_files": 551,
  "source_linked_reference_files": 18,
  "curated_byte_size": 347934911,
  "source_linked_reference_associations": 19,
  "hardlinks": 569,
  "copies": 0,
  "validated_file_types": {
    "pdf": 442,
    "zip": 60,
    "tex": 55,
    "other": 11,
    "exe": 1
  },
  "pdf_pages_validated": 3898,
  "visual_inspection_reviewed_units": 2375,
  "solution_used_reviewed_units": 202,
  "reviewed_source_sha256_count": 217,
  "zero_unexplained_identified_units": true,
  "zero_unexplained_source_rows": true,
  "whole_corpus_screening_complete": false,
  "validation_issues": [],
  "actual_operational_errors": 0
}
{
  "registered_units": 8472,
  "decisioned_units": 2590,
  "awaiting_content_review": 5877,
  "statement_unavailable": 5,
  "decisions": {
    "BORDERLINE": 81,
    "KEEP": 2220,
    "REJECT": 289
  },
  "containers_expanded": 233,
  "containers_pending": 0,
  "original_205_preserved": true,
  "new_second_review_units": 566,
  "total_distinct_second_review_units": 771,
  "low_confidence_units": 0,
  "focused_reviews_pending": 0
}
Raw check: 3312 files; 0 mismatches
