Physical papers: 1396 verified 297 pending 1099
{
  "updated_at": "2026-10-04T01:54:07.733619+00:00",
  "run_status": "INCOMPLETE",
  "direct_units": 6159,
  "derived_units": 2313,
  "identified_units": 8472,
  "decisions": {
    "UNRESOLVED_ERROR": 6538,
    "KEEP": 1786,
    "REJECT": 111,
    "BORDERLINE": 37
  },
  "screened_formats": {
    "theory": 845,
    "experimental": 81,
    "multiple_choice": 733,
    "mixed": 14,
    "numerical": 239,
    "data_analysis": 22
  },
  "keep_domains": {
    "I_force_motion": 1274,
    "II_oscillations_waves": 262,
    "VII_magnetic_field": 91,
    "IV_thermodynamics": 146,
    "XI_quantum_light": 54,
    "III_ideal_gas": 97,
    "X_wave_optics": 154,
    "VIII_induction": 37,
    "IX_em_oscillations_waves": 33,
    "VI_electric_field": 225,
    "XII_atomic_nuclear": 32,
    "V_real_gas": 1,
    "XII_nuclear_physics": 2
  },
  "pending_content_units": 6538,
  "remaining_queue_items": 7637,
  "containers_pending": 0,
  "containers_expanded": 233,
  "pdfs_cached": 2984,
  "source_rows_accounted": 6392,
  "boundary_inventory_complete": false,
  "identified_unit_reconciliation": true,
  "unexplained_identified_units": 0,
  "awaiting_content_review": 6536,
  "explicit_statement_unavailable": 2,
  "focused_reviews_pending": 0,
  "pending_physical_paper_boundary_audits": 1099,
  "registered_inventory_is_provisional": true
}
{
  "selected_units": 1786,
  "verified_distinct_selected_questions": 1782,
  "unique_physical_files": 457,
  "raw_acquisition_files": 449,
  "source_linked_reference_files": 8,
  "byte_size": 234771730,
  "hardlinks": 457,
  "copies": 0,
  "hash_mismatches": 0,
  "selection_is_complete": false
}
{
  "checked_at": "2026-10-04T01:54:11.946071+00:00",
  "run_status": "INCOMPLETE",
  "source_rows": 6392,
  "direct_units_in_inventory": 6159,
  "whole_paper_containers": 233,
  "identified_top_level_units": 8472,
  "reviewed_units": 1934,
  "reviewed_direct_units": 1554,
  "reviewed_derived_units": 380,
  "decisions": {
    "UNRESOLVED_ERROR": 6538,
    "KEEP": 1786,
    "REJECT": 111,
    "BORDERLINE": 37
  },
  "decision_percentages_of_reviewed": {
    "KEEP": 92.347,
    "BORDERLINE": 1.913,
    "REJECT": 5.739
  },
  "pending_known_units": 6538,
  "awaiting_content_review": 6536,
  "statement_unavailable_units": 2,
  "pending_containers": 0,
  "full_top_level_inventory_known": false,
  "embedded_unindexed_units_discovered": 50,
  "formats": [
    {
      "format": "theory",
      "reviewed": 845,
      "KEEP": 714,
      "BORDERLINE": 34,
      "REJECT": 97
    },
    {
      "format": "multiple_choice",
      "reviewed": 733,
      "KEEP": 731,
      "BORDERLINE": 1,
      "REJECT": 1
    },
    {
      "format": "short_answer",
      "reviewed": 0,
      "KEEP": 0,
      "BORDERLINE": 0,
      "REJECT": 0
    },
    {
      "format": "numerical",
      "reviewed": 239,
      "KEEP": 225,
      "BORDERLINE": 1,
      "REJECT": 13
    },
    {
      "format": "experimental",
      "reviewed": 81,
      "KEEP": 81,
      "BORDERLINE": 0,
      "REJECT": 0
    },
    {
      "format": "data_analysis",
      "reviewed": 22,
      "KEEP": 21,
      "BORDERLINE": 1,
      "REJECT": 0
    },
    {
      "format": "mixed",
      "reviewed": 14,
      "KEEP": 14,
      "BORDERLINE": 0,
      "REJECT": 0
    },
    {
      "format": "unknown",
      "reviewed": 0,
      "KEEP": 0,
      "BORDERLINE": 0,
      "REJECT": 0
    }
  ],
  "domains": [
    {
      "domain": "I_force_motion",
      "KEEP": 1274,
      "BORDERLINE": 13,
      "REJECT": 5
    },
    {
      "domain": "II_oscillations_waves",
      "KEEP": 262,
      "BORDERLINE": 8,
      "REJECT": 7
    },
    {
      "domain": "III_ideal_gas",
      "KEEP": 97,
      "BORDERLINE": 3,
      "REJECT": 1
    },
    {
      "domain": "IV_thermodynamics",
      "KEEP": 146,
      "BORDERLINE": 7,
      "REJECT": 2
    },
    {
      "domain": "V_real_gas",
      "KEEP": 1,
      "BORDERLINE": 0,
      "REJECT": 0
    },
    {
      "domain": "VI_electric_field",
      "KEEP": 225,
      "BORDERLINE": 4,
      "REJECT": 2
    },
    {
      "domain": "VII_magnetic_field",
      "KEEP": 91,
      "BORDERLINE": 5,
      "REJECT": 3
    },
    {
      "domain": "VIII_induction",
      "KEEP": 37,
      "BORDERLINE": 3,
      "REJECT": 0
    },
    {
      "domain": "IX_em_oscillations_waves",
      "KEEP": 33,
      "BORDERLINE": 3,
      "REJECT": 0
    },
    {
      "domain": "X_wave_optics",
      "KEEP": 154,
      "BORDERLINE": 4,
      "REJECT": 0
    },
    {
      "domain": "XI_quantum_light",
      "KEEP": 54,
      "BORDERLINE": 4,
      "REJECT": 0
    },
    {
      "domain": "XII_atomic_nuclear",
      "KEEP": 32,
      "BORDERLINE": 0,
      "REJECT": 1
    }
  ],
  "selected_statement_physical_files": 171,
  "selected_all_physical_files": 457,
  "selected_raw_acquisition_files": 449,
  "source_linked_reference_files": 8,
  "curated_byte_size": 234771730,
  "hardlinks": 457,
  "copies": 0,
  "validated_file_types": {
    "pdf": 349,
    "zip": 53,
    "tex": 50,
    "exe": 1,
    "other": 4
  },
  "pdf_pages_validated": 3119,
  "visual_inspection_reviewed_units": 1719,
  "solution_used_reviewed_units": 187,
  "reviewed_source_sha256_count": 175,
  "zero_unexplained_identified_units": true,
  "zero_unexplained_source_rows": true,
  "whole_corpus_screening_complete": false,
  "validation_issues": [],
  "actual_operational_errors": 0
}
{
  "registered_units": 8472,
  "decisioned_units": 1934,
  "awaiting_content_review": 6536,
  "statement_unavailable": 2,
  "decisions": {
    "BORDERLINE": 37,
    "KEEP": 1786,
    "REJECT": 111
  },
  "containers_expanded": 233,
  "containers_pending": 0,
  "original_205_preserved": true,
  "new_second_review_units": 199,
  "total_distinct_second_review_units": 404,
  "low_confidence_units": 0,
  "focused_reviews_pending": 0
}
Raw check: 3312 files; 0 mismatches
