Physical papers: 1396 verified 352 pending 1044
{
  "updated_at": "2026-10-04T05:38:41.360117+00:00",
  "run_status": "INCOMPLETE",
  "direct_units": 6159,
  "derived_units": 2313,
  "identified_units": 8472,
  "decisions": {
    "UNRESOLVED_ERROR": 5869,
    "KEEP": 2232,
    "REJECT": 290,
    "BORDERLINE": 81
  },
  "screened_formats": {
    "theory": 1323,
    "experimental": 131,
    "mixed": 18,
    "multiple_choice": 733,
    "numerical": 351,
    "data_analysis": 47
  },
  "keep_domains": {
    "I_force_motion": 1531,
    "VII_magnetic_field": 142,
    "VI_electric_field": 288,
    "VIII_induction": 50,
    "X_wave_optics": 204,
    "IX_em_oscillations_waves": 53,
    "II_oscillations_waves": 355,
    "XI_quantum_light": 64,
    "IV_thermodynamics": 188,
    "III_ideal_gas": 128,
    "XII_atomic_nuclear": 44,
    "V_real_gas": 7,
    "XII_nuclear_physics": 2
  },
  "pending_content_units": 5869,
  "remaining_queue_items": 6913,
  "containers_pending": 0,
  "containers_expanded": 233,
  "pdfs_cached": 2984,
  "source_rows_accounted": 6392,
  "boundary_inventory_complete": false,
  "identified_unit_reconciliation": true,
  "unexplained_identified_units": 0,
  "awaiting_content_review": 5864,
  "explicit_statement_unavailable": 5,
  "focused_reviews_pending": 0,
  "pending_physical_paper_boundary_audits": 1044,
  "registered_inventory_is_provisional": true
}
{
  "selected_units": 2232,
  "verified_distinct_selected_questions": 2228,
  "unique_physical_files": 622,
  "raw_acquisition_files": 604,
  "source_linked_reference_files": 18,
  "source_linked_reference_associations": 19,
  "byte_size": 396738499,
  "hardlinks": 622,
  "copies": 0,
  "hash_mismatches": 0,
  "selection_is_complete": false
}
{
  "checked_at": "2026-10-04T05:38:46.921638+00:00",
  "run_status": "INCOMPLETE",
  "source_rows": 6392,
  "direct_units_in_inventory": 6159,
  "whole_paper_containers": 233,
  "identified_top_level_units": 8472,
  "reviewed_units": 2603,
  "verified_equivalence_records": 5,
  "reviewed_units_after_verified_equivalences": 2598,
  "reviewed_direct_units": 2223,
  "reviewed_derived_units": 380,
  "decisions": {
    "UNRESOLVED_ERROR": 5869,
    "KEEP": 2232,
    "REJECT": 290,
    "BORDERLINE": 81
  },
  "decision_percentages_of_reviewed": {
    "KEEP": 85.747,
    "BORDERLINE": 3.112,
    "REJECT": 11.141
  },
  "pending_known_units": 5869,
  "awaiting_content_review": 5864,
  "statement_unavailable_units": 5,
  "pending_containers": 0,
  "full_top_level_inventory_known": false,
  "embedded_unindexed_units_discovered": 50,
  "formats": [
    {
      "format": "theory",
      "reviewed": 1323,
      "KEEP": 1010,
      "BORDERLINE": 67,
      "REJECT": 246
    },
    {
      "format": "multiple_choice",
      "reviewed": 733,
      "KEEP": 731,
      "BORDERLINE": 1,
      "REJECT": 1
    },
    {
      "format": "short_answer",
      "reviewed": 0,
      "KEEP": 0,
      "BORDERLINE": 0,
      "REJECT": 0
    },
    {
      "format": "numerical",
      "reviewed": 351,
      "KEEP": 311,
      "BORDERLINE": 3,
      "REJECT": 37
    },
    {
      "format": "experimental",
      "reviewed": 131,
      "KEEP": 120,
      "BORDERLINE": 7,
      "REJECT": 4
    },
    {
      "format": "data_analysis",
      "reviewed": 47,
      "KEEP": 43,
      "BORDERLINE": 3,
      "REJECT": 1
    },
    {
      "format": "mixed",
      "reviewed": 18,
      "KEEP": 17,
      "BORDERLINE": 0,
      "REJECT": 1
    },
    {
      "format": "unknown",
      "reviewed": 0,
      "KEEP": 0,
      "BORDERLINE": 0,
      "REJECT": 0
    }
  ],
  "domains": [
    {
      "domain": "I_force_motion",
      "KEEP": 1531,
      "BORDERLINE": 33,
      "REJECT": 5
    },
    {
      "domain": "II_oscillations_waves",
      "KEEP": 355,
      "BORDERLINE": 17,
      "REJECT": 8
    },
    {
      "domain": "III_ideal_gas",
      "KEEP": 128,
      "BORDERLINE": 9,
      "REJECT": 1
    },
    {
      "domain": "IV_thermodynamics",
      "KEEP": 188,
      "BORDERLINE": 18,
      "REJECT": 3
    },
    {
      "domain": "V_real_gas",
      "KEEP": 7,
      "BORDERLINE": 2,
      "REJECT": 0
    },
    {
      "domain": "VI_electric_field",
      "KEEP": 288,
      "BORDERLINE": 6,
      "REJECT": 2
    },
    {
      "domain": "VII_magnetic_field",
      "KEEP": 142,
      "BORDERLINE": 8,
      "REJECT": 4
    },
    {
      "domain": "VIII_induction",
      "KEEP": 50,
      "BORDERLINE": 4,
      "REJECT": 0
    },
    {
      "domain": "IX_em_oscillations_waves",
      "KEEP": 53,
      "BORDERLINE": 5,
      "REJECT": 0
    },
    {
      "domain": "X_wave_optics",
      "KEEP": 204,
      "BORDERLINE": 9,
      "REJECT": 0
    },
    {
      "domain": "XI_quantum_light",
      "KEEP": 64,
      "BORDERLINE": 7,
      "REJECT": 0
    },
    {
      "domain": "XII_atomic_nuclear",
      "KEEP": 44,
      "BORDERLINE": 3,
      "REJECT": 1
    }
  ],
  "selected_statement_physical_files": 225,
  "selected_all_physical_files": 622,
  "selected_raw_acquisition_files": 604,
  "source_linked_reference_files": 18,
  "curated_byte_size": 396738499,
  "source_linked_reference_associations": 19,
  "hardlinks": 622,
  "copies": 0,
  "validated_file_types": {
    "pdf": 487,
    "zip": 64,
    "tex": 59,
    "other": 11,
    "exe": 1
  },
  "pdf_pages_validated": 4211,
  "visual_inspection_reviewed_units": 2388,
  "solution_used_reviewed_units": 213,
  "reviewed_source_sha256_count": 230,
  "zero_unexplained_identified_units": true,
  "zero_unexplained_source_rows": true,
  "whole_corpus_screening_complete": false,
  "validation_issues": [],
  "actual_operational_errors": 0
}
{
  "registered_units": 8472,
  "decisioned_units": 2603,
  "awaiting_content_review": 5864,
  "statement_unavailable": 5,
  "decisions": {
    "BORDERLINE": 81,
    "KEEP": 2232,
    "REJECT": 290
  },
  "containers_expanded": 233,
  "containers_pending": 0,
  "original_205_preserved": true,
  "new_second_review_units": 576,
  "total_distinct_second_review_units": 781,
  "low_confidence_units": 0,
  "focused_reviews_pending": 0
}
Raw check: 3312 files; 0 mismatches
