Physical papers: 1396 verified 295 pending 1101
{
  "updated_at": "2026-10-04T01:42:10.752845+00:00",
  "run_status": "INCOMPLETE",
  "direct_units": 6159,
  "derived_units": 2313,
  "identified_units": 8472,
  "decisions": {
    "UNRESOLVED_ERROR": 6605,
    "KEEP": 1740,
    "REJECT": 94,
    "BORDERLINE": 33
  },
  "screened_formats": {
    "theory": 788,
    "experimental": 80,
    "multiple_choice": 733,
    "mixed": 14,
    "numerical": 232,
    "data_analysis": 20
  },
  "keep_domains": {
    "I_force_motion": 1255,
    "II_oscillations_waves": 255,
    "VII_magnetic_field": 89,
    "IV_thermodynamics": 140,
    "XI_quantum_light": 52,
    "III_ideal_gas": 94,
    "X_wave_optics": 150,
    "VIII_induction": 37,
    "IX_em_oscillations_waves": 32,
    "VI_electric_field": 215,
    "XII_atomic_nuclear": 32,
    "V_real_gas": 1,
    "XII_nuclear_physics": 1
  },
  "pending_content_units": 6605,
  "remaining_queue_items": 7706,
  "containers_pending": 0,
  "containers_expanded": 233,
  "pdfs_cached": 2984,
  "source_rows_accounted": 6392,
  "boundary_inventory_complete": false,
  "identified_unit_reconciliation": true,
  "unexplained_identified_units": 0,
  "awaiting_content_review": 6603,
  "explicit_statement_unavailable": 2,
  "focused_reviews_pending": 0,
  "pending_physical_paper_boundary_audits": 1101,
  "registered_inventory_is_provisional": true
}
{
  "selected_units": 1740,
  "verified_distinct_selected_questions": 1736,
  "unique_physical_files": 453,
  "raw_acquisition_files": 447,
  "source_linked_reference_files": 6,
  "byte_size": 234412653,
  "hardlinks": 453,
  "copies": 0,
  "hash_mismatches": 0,
  "selection_is_complete": false
}
{
  "checked_at": "2026-10-04T01:42:14.944929+00:00",
  "run_status": "INCOMPLETE",
  "source_rows": 6392,
  "direct_units_in_inventory": 6159,
  "whole_paper_containers": 233,
  "identified_top_level_units": 8472,
  "reviewed_units": 1867,
  "reviewed_direct_units": 1487,
  "reviewed_derived_units": 380,
  "decisions": {
    "UNRESOLVED_ERROR": 6605,
    "KEEP": 1740,
    "REJECT": 94,
    "BORDERLINE": 33
  },
  "decision_percentages_of_reviewed": {
    "KEEP": 93.198,
    "BORDERLINE": 1.768,
    "REJECT": 5.035
  },
  "pending_known_units": 6605,
  "awaiting_content_review": 6603,
  "statement_unavailable_units": 2,
  "pending_containers": 0,
  "full_top_level_inventory_known": false,
  "embedded_unindexed_units_discovered": 50,
  "formats": [
    {
      "format": "theory",
      "reviewed": 788,
      "KEEP": 677,
      "BORDERLINE": 30,
      "REJECT": 81
    },
    {
      "format": "multiple_choice",
      "reviewed": 733,
      "KEEP": 731,
      "BORDERLINE": 1,
      "REJECT": 1
    },
    {
      "format": "short_answer",
      "reviewed": 0,
      "KEEP": 0,
      "BORDERLINE": 0,
      "REJECT": 0
    },
    {
      "format": "numerical",
      "reviewed": 232,
      "KEEP": 219,
      "BORDERLINE": 1,
      "REJECT": 12
    },
    {
      "format": "experimental",
      "reviewed": 80,
      "KEEP": 80,
      "BORDERLINE": 0,
      "REJECT": 0
    },
    {
      "format": "data_analysis",
      "reviewed": 20,
      "KEEP": 19,
      "BORDERLINE": 1,
      "REJECT": 0
    },
    {
      "format": "mixed",
      "reviewed": 14,
      "KEEP": 14,
      "BORDERLINE": 0,
      "REJECT": 0
    },
    {
      "format": "unknown",
      "reviewed": 0,
      "KEEP": 0,
      "BORDERLINE": 0,
      "REJECT": 0
    }
  ],
  "domains": [
    {
      "domain": "I_force_motion",
      "KEEP": 1255,
      "BORDERLINE": 12,
      "REJECT": 5
    },
    {
      "domain": "II_oscillations_waves",
      "KEEP": 255,
      "BORDERLINE": 8,
      "REJECT": 7
    },
    {
      "domain": "III_ideal_gas",
      "KEEP": 94,
      "BORDERLINE": 3,
      "REJECT": 1
    },
    {
      "domain": "IV_thermodynamics",
      "KEEP": 140,
      "BORDERLINE": 6,
      "REJECT": 2
    },
    {
      "domain": "V_real_gas",
      "KEEP": 1,
      "BORDERLINE": 0,
      "REJECT": 0
    },
    {
      "domain": "VI_electric_field",
      "KEEP": 215,
      "BORDERLINE": 4,
      "REJECT": 2
    },
    {
      "domain": "VII_magnetic_field",
      "KEEP": 89,
      "BORDERLINE": 5,
      "REJECT": 3
    },
    {
      "domain": "VIII_induction",
      "KEEP": 37,
      "BORDERLINE": 3,
      "REJECT": 0
    },
    {
      "domain": "IX_em_oscillations_waves",
      "KEEP": 32,
      "BORDERLINE": 3,
      "REJECT": 0
    },
    {
      "domain": "X_wave_optics",
      "KEEP": 150,
      "BORDERLINE": 4,
      "REJECT": 0
    },
    {
      "domain": "XI_quantum_light",
      "KEEP": 52,
      "BORDERLINE": 3,
      "REJECT": 0
    },
    {
      "domain": "XII_atomic_nuclear",
      "KEEP": 32,
      "BORDERLINE": 0,
      "REJECT": 1
    }
  ],
  "selected_statement_physical_files": 169,
  "selected_all_physical_files": 453,
  "selected_raw_acquisition_files": 447,
  "source_linked_reference_files": 6,
  "curated_byte_size": 234412653,
  "hardlinks": 453,
  "copies": 0,
  "validated_file_types": {
    "pdf": 347,
    "zip": 53,
    "tex": 50,
    "exe": 1,
    "other": 2
  },
  "pdf_pages_validated": 3099,
  "visual_inspection_reviewed_units": 1652,
  "solution_used_reviewed_units": 187,
  "reviewed_source_sha256_count": 173,
  "zero_unexplained_identified_units": true,
  "zero_unexplained_source_rows": true,
  "whole_corpus_screening_complete": false,
  "validation_issues": [],
  "actual_operational_errors": 0
}
{
  "registered_units": 8472,
  "decisioned_units": 1867,
  "awaiting_content_review": 6603,
  "statement_unavailable": 2,
  "decisions": {
    "BORDERLINE": 33,
    "KEEP": 1740,
    "REJECT": 94
  },
  "containers_expanded": 233,
  "containers_pending": 0,
  "original_205_preserved": true,
  "new_second_review_units": 178,
  "total_distinct_second_review_units": 383,
  "low_confidence_units": 0,
  "focused_reviews_pending": 0
}
Raw check: 3312 files; 0 mismatches
