Physical papers: 1396 verified 315 pending 1081
{
  "updated_at": "2026-10-04T04:33:47.597978+00:00",
  "run_status": "INCOMPLETE",
  "direct_units": 6159,
  "derived_units": 2313,
  "identified_units": 8472,
  "decisions": {
    "UNRESOLVED_ERROR": 5906,
    "KEEP": 2196,
    "REJECT": 289,
    "BORDERLINE": 81
  },
  "screened_formats": {
    "theory": 1300,
    "experimental": 118,
    "multiple_choice": 733,
    "mixed": 17,
    "numerical": 351,
    "data_analysis": 47
  },
  "keep_domains": {
    "I_force_motion": 1507,
    "II_oscillations_waves": 342,
    "VII_magnetic_field": 129,
    "IV_thermodynamics": 186,
    "XI_quantum_light": 61,
    "III_ideal_gas": 125,
    "X_wave_optics": 194,
    "VIII_induction": 45,
    "IX_em_oscillations_waves": 48,
    "VI_electric_field": 279,
    "XII_atomic_nuclear": 43,
    "V_real_gas": 7,
    "XII_nuclear_physics": 2
  },
  "pending_content_units": 5906,
  "remaining_queue_items": 6987,
  "containers_pending": 0,
  "containers_expanded": 233,
  "pdfs_cached": 2984,
  "source_rows_accounted": 6392,
  "boundary_inventory_complete": false,
  "identified_unit_reconciliation": true,
  "unexplained_identified_units": 0,
  "awaiting_content_review": 5901,
  "explicit_statement_unavailable": 5,
  "focused_reviews_pending": 0,
  "pending_physical_paper_boundary_audits": 1081,
  "registered_inventory_is_provisional": true
}
{
  "selected_units": 2196,
  "verified_distinct_selected_questions": 2192,
  "unique_physical_files": 484,
  "raw_acquisition_files": 467,
  "source_linked_reference_files": 17,
  "byte_size": 243106388,
  "hardlinks": 484,
  "copies": 0,
  "hash_mismatches": 0,
  "selection_is_complete": false
}
{
  "checked_at": "2026-10-04T04:33:52.278279+00:00",
  "run_status": "INCOMPLETE",
  "source_rows": 6392,
  "direct_units_in_inventory": 6159,
  "whole_paper_containers": 233,
  "identified_top_level_units": 8472,
  "reviewed_units": 2566,
  "verified_equivalence_records": 5,
  "reviewed_units_after_verified_equivalences": 2561,
  "reviewed_direct_units": 2186,
  "reviewed_derived_units": 380,
  "decisions": {
    "UNRESOLVED_ERROR": 5906,
    "KEEP": 2196,
    "REJECT": 289,
    "BORDERLINE": 81
  },
  "decision_percentages_of_reviewed": {
    "KEEP": 85.581,
    "BORDERLINE": 3.157,
    "REJECT": 11.263
  },
  "pending_known_units": 5906,
  "awaiting_content_review": 5901,
  "statement_unavailable_units": 5,
  "pending_containers": 0,
  "full_top_level_inventory_known": false,
  "embedded_unindexed_units_discovered": 50,
  "formats": [
    {
      "format": "theory",
      "reviewed": 1300,
      "KEEP": 988,
      "BORDERLINE": 67,
      "REJECT": 245
    },
    {
      "format": "multiple_choice",
      "reviewed": 733,
      "KEEP": 731,
      "BORDERLINE": 1,
      "REJECT": 1
    },
    {
      "format": "short_answer",
      "reviewed": 0,
      "KEEP": 0,
      "BORDERLINE": 0,
      "REJECT": 0
    },
    {
      "format": "numerical",
      "reviewed": 351,
      "KEEP": 311,
      "BORDERLINE": 3,
      "REJECT": 37
    },
    {
      "format": "experimental",
      "reviewed": 118,
      "KEEP": 107,
      "BORDERLINE": 7,
      "REJECT": 4
    },
    {
      "format": "data_analysis",
      "reviewed": 47,
      "KEEP": 43,
      "BORDERLINE": 3,
      "REJECT": 1
    },
    {
      "format": "mixed",
      "reviewed": 17,
      "KEEP": 16,
      "BORDERLINE": 0,
      "REJECT": 1
    },
    {
      "format": "unknown",
      "reviewed": 0,
      "KEEP": 0,
      "BORDERLINE": 0,
      "REJECT": 0
    }
  ],
  "domains": [
    {
      "domain": "I_force_motion",
      "KEEP": 1507,
      "BORDERLINE": 33,
      "REJECT": 5
    },
    {
      "domain": "II_oscillations_waves",
      "KEEP": 342,
      "BORDERLINE": 17,
      "REJECT": 7
    },
    {
      "domain": "III_ideal_gas",
      "KEEP": 125,
      "BORDERLINE": 9,
      "REJECT": 1
    },
    {
      "domain": "IV_thermodynamics",
      "KEEP": 186,
      "BORDERLINE": 18,
      "REJECT": 2
    },
    {
      "domain": "V_real_gas",
      "KEEP": 7,
      "BORDERLINE": 2,
      "REJECT": 0
    },
    {
      "domain": "VI_electric_field",
      "KEEP": 279,
      "BORDERLINE": 6,
      "REJECT": 2
    },
    {
      "domain": "VII_magnetic_field",
      "KEEP": 129,
      "BORDERLINE": 8,
      "REJECT": 3
    },
    {
      "domain": "VIII_induction",
      "KEEP": 45,
      "BORDERLINE": 4,
      "REJECT": 0
    },
    {
      "domain": "IX_em_oscillations_waves",
      "KEEP": 48,
      "BORDERLINE": 5,
      "REJECT": 0
    },
    {
      "domain": "X_wave_optics",
      "KEEP": 194,
      "BORDERLINE": 9,
      "REJECT": 0
    },
    {
      "domain": "XI_quantum_light",
      "KEEP": 61,
      "BORDERLINE": 7,
      "REJECT": 0
    },
    {
      "domain": "XII_atomic_nuclear",
      "KEEP": 43,
      "BORDERLINE": 3,
      "REJECT": 1
    }
  ],
  "selected_statement_physical_files": 189,
  "selected_all_physical_files": 484,
  "selected_raw_acquisition_files": 467,
  "source_linked_reference_files": 17,
  "curated_byte_size": 243106388,
  "hardlinks": 484,
  "copies": 0,
  "validated_file_types": {
    "pdf": 369,
    "zip": 53,
    "tex": 50,
    "exe": 1,
    "other": 11
  },
  "pdf_pages_validated": 3347,
  "visual_inspection_reviewed_units": 2351,
  "solution_used_reviewed_units": 187,
  "reviewed_source_sha256_count": 193,
  "zero_unexplained_identified_units": true,
  "zero_unexplained_source_rows": true,
  "whole_corpus_screening_complete": false,
  "validation_issues": [],
  "actual_operational_errors": 0
}
{
  "registered_units": 8472,
  "decisioned_units": 2566,
  "awaiting_content_review": 5901,
  "statement_unavailable": 5,
  "decisions": {
    "BORDERLINE": 81,
    "KEEP": 2196,
    "REJECT": 289
  },
  "containers_expanded": 233,
  "containers_pending": 0,
  "original_205_preserved": true,
  "new_second_review_units": 545,
  "total_distinct_second_review_units": 750,
  "low_confidence_units": 0,
  "focused_reviews_pending": 0
}
Raw check: 3312 files; 0 mismatches
