Physical papers: 1396 verified 294 pending 1102
{
  "updated_at": "2026-10-04T01:34:43.976443+00:00",
  "run_status": "INCOMPLETE",
  "direct_units": 6159,
  "derived_units": 2313,
  "identified_units": 8472,
  "decisions": {
    "UNRESOLVED_ERROR": 6645,
    "KEEP": 1717,
    "REJECT": 81,
    "BORDERLINE": 29
  },
  "screened_formats": {
    "theory": 760,
    "experimental": 77,
    "multiple_choice": 733,
    "mixed": 14,
    "numerical": 224,
    "data_analysis": 19
  },
  "keep_domains": {
    "I_force_motion": 1242,
    "II_oscillations_waves": 246,
    "VII_magnetic_field": 88,
    "IV_thermodynamics": 139,
    "XI_quantum_light": 49,
    "III_ideal_gas": 94,
    "X_wave_optics": 144,
    "VIII_induction": 37,
    "IX_em_oscillations_waves": 31,
    "VI_electric_field": 212,
    "XII_atomic_nuclear": 32,
    "V_real_gas": 1
  },
  "pending_content_units": 6645,
  "remaining_queue_items": 7747,
  "containers_pending": 0,
  "containers_expanded": 233,
  "pdfs_cached": 2984,
  "source_rows_accounted": 6392,
  "boundary_inventory_complete": false,
  "identified_unit_reconciliation": true,
  "unexplained_identified_units": 0,
  "awaiting_content_review": 6643,
  "explicit_statement_unavailable": 2,
  "focused_reviews_pending": 0,
  "pending_physical_paper_boundary_audits": 1102,
  "registered_inventory_is_provisional": true
}
{
  "selected_units": 1717,
  "verified_distinct_selected_questions": 1713,
  "unique_physical_files": 451,
  "raw_acquisition_files": 446,
  "source_linked_reference_files": 5,
  "byte_size": 230469816,
  "hardlinks": 451,
  "copies": 0,
  "hash_mismatches": 0,
  "selection_is_complete": false
}
{
  "checked_at": "2026-10-04T01:34:48.156290+00:00",
  "run_status": "INCOMPLETE",
  "source_rows": 6392,
  "direct_units_in_inventory": 6159,
  "whole_paper_containers": 233,
  "identified_top_level_units": 8472,
  "reviewed_units": 1827,
  "reviewed_direct_units": 1447,
  "reviewed_derived_units": 380,
  "decisions": {
    "UNRESOLVED_ERROR": 6645,
    "KEEP": 1717,
    "REJECT": 81,
    "BORDERLINE": 29
  },
  "decision_percentages_of_reviewed": {
    "KEEP": 93.979,
    "BORDERLINE": 1.587,
    "REJECT": 4.433
  },
  "pending_known_units": 6645,
  "awaiting_content_review": 6643,
  "statement_unavailable_units": 2,
  "pending_containers": 0,
  "full_top_level_inventory_known": false,
  "embedded_unindexed_units_discovered": 50,
  "formats": [
    {
      "format": "theory",
      "reviewed": 760,
      "KEEP": 663,
      "BORDERLINE": 26,
      "REJECT": 71
    },
    {
      "format": "multiple_choice",
      "reviewed": 733,
      "KEEP": 731,
      "BORDERLINE": 1,
      "REJECT": 1
    },
    {
      "format": "short_answer",
      "reviewed": 0,
      "KEEP": 0,
      "BORDERLINE": 0,
      "REJECT": 0
    },
    {
      "format": "numerical",
      "reviewed": 224,
      "KEEP": 214,
      "BORDERLINE": 1,
      "REJECT": 9
    },
    {
      "format": "experimental",
      "reviewed": 77,
      "KEEP": 77,
      "BORDERLINE": 0,
      "REJECT": 0
    },
    {
      "format": "data_analysis",
      "reviewed": 19,
      "KEEP": 18,
      "BORDERLINE": 1,
      "REJECT": 0
    },
    {
      "format": "mixed",
      "reviewed": 14,
      "KEEP": 14,
      "BORDERLINE": 0,
      "REJECT": 0
    },
    {
      "format": "unknown",
      "reviewed": 0,
      "KEEP": 0,
      "BORDERLINE": 0,
      "REJECT": 0
    }
  ],
  "domains": [
    {
      "domain": "I_force_motion",
      "KEEP": 1242,
      "BORDERLINE": 10,
      "REJECT": 5
    },
    {
      "domain": "II_oscillations_waves",
      "KEEP": 246,
      "BORDERLINE": 8,
      "REJECT": 6
    },
    {
      "domain": "III_ideal_gas",
      "KEEP": 94,
      "BORDERLINE": 3,
      "REJECT": 1
    },
    {
      "domain": "IV_thermodynamics",
      "KEEP": 139,
      "BORDERLINE": 6,
      "REJECT": 1
    },
    {
      "domain": "V_real_gas",
      "KEEP": 1,
      "BORDERLINE": 0,
      "REJECT": 0
    },
    {
      "domain": "VI_electric_field",
      "KEEP": 212,
      "BORDERLINE": 3,
      "REJECT": 2
    },
    {
      "domain": "VII_magnetic_field",
      "KEEP": 88,
      "BORDERLINE": 4,
      "REJECT": 2
    },
    {
      "domain": "VIII_induction",
      "KEEP": 37,
      "BORDERLINE": 3,
      "REJECT": 0
    },
    {
      "domain": "IX_em_oscillations_waves",
      "KEEP": 31,
      "BORDERLINE": 3,
      "REJECT": 0
    },
    {
      "domain": "X_wave_optics",
      "KEEP": 144,
      "BORDERLINE": 3,
      "REJECT": 0
    },
    {
      "domain": "XI_quantum_light",
      "KEEP": 49,
      "BORDERLINE": 3,
      "REJECT": 0
    },
    {
      "domain": "XII_atomic_nuclear",
      "KEEP": 32,
      "BORDERLINE": 0,
      "REJECT": 1
    }
  ],
  "selected_statement_physical_files": 168,
  "selected_all_physical_files": 451,
  "selected_raw_acquisition_files": 446,
  "source_linked_reference_files": 5,
  "curated_byte_size": 230469816,
  "hardlinks": 451,
  "copies": 0,
  "validated_file_types": {
    "pdf": 345,
    "zip": 53,
    "tex": 50,
    "exe": 1,
    "other": 2
  },
  "pdf_pages_validated": 3078,
  "visual_inspection_reviewed_units": 1612,
  "solution_used_reviewed_units": 187,
  "reviewed_source_sha256_count": 172,
  "zero_unexplained_identified_units": true,
  "zero_unexplained_source_rows": true,
  "whole_corpus_screening_complete": false,
  "validation_issues": [],
  "actual_operational_errors": 0
}
{
  "registered_units": 8472,
  "decisioned_units": 1827,
  "awaiting_content_review": 6643,
  "statement_unavailable": 2,
  "decisions": {
    "BORDERLINE": 29,
    "KEEP": 1717,
    "REJECT": 81
  },
  "containers_expanded": 233,
  "containers_pending": 0,
  "original_205_preserved": true,
  "new_second_review_units": 165,
  "total_distinct_second_review_units": 370,
  "low_confidence_units": 0,
  "focused_reviews_pending": 0
}
Raw check: 3312 files; 0 mismatches
