Physical papers: 1396 verified 312 pending 1084
{
  "updated_at": "2026-10-04T04:11:04.536653+00:00",
  "run_status": "INCOMPLETE",
  "direct_units": 6159,
  "derived_units": 2313,
  "identified_units": 8472,
  "decisions": {
    "UNRESOLVED_ERROR": 6017,
    "KEEP": 2131,
    "REJECT": 250,
    "BORDERLINE": 74
  },
  "screened_formats": {
    "theory": 1215,
    "experimental": 107,
    "multiple_choice": 733,
    "mixed": 17,
    "numerical": 342,
    "data_analysis": 41
  },
  "keep_domains": {
    "I_force_motion": 1476,
    "II_oscillations_waves": 330,
    "VII_magnetic_field": 125,
    "IV_thermodynamics": 175,
    "XI_quantum_light": 60,
    "III_ideal_gas": 117,
    "X_wave_optics": 193,
    "VIII_induction": 44,
    "IX_em_oscillations_waves": 46,
    "VI_electric_field": 271,
    "XII_atomic_nuclear": 43,
    "V_real_gas": 4,
    "XII_nuclear_physics": 2
  },
  "pending_content_units": 6017,
  "remaining_queue_items": 7101,
  "containers_pending": 0,
  "containers_expanded": 233,
  "pdfs_cached": 2984,
  "source_rows_accounted": 6392,
  "boundary_inventory_complete": false,
  "identified_unit_reconciliation": true,
  "unexplained_identified_units": 0,
  "awaiting_content_review": 6012,
  "explicit_statement_unavailable": 5,
  "focused_reviews_pending": 0,
  "pending_physical_paper_boundary_audits": 1084,
  "registered_inventory_is_provisional": true
}
{
  "selected_units": 2131,
  "verified_distinct_selected_questions": 2127,
  "unique_physical_files": 480,
  "raw_acquisition_files": 464,
  "source_linked_reference_files": 16,
  "byte_size": 242540366,
  "hardlinks": 480,
  "copies": 0,
  "hash_mismatches": 0,
  "selection_is_complete": false
}
{
  "checked_at": "2026-10-04T04:11:09.088064+00:00",
  "run_status": "INCOMPLETE",
  "source_rows": 6392,
  "direct_units_in_inventory": 6159,
  "whole_paper_containers": 233,
  "identified_top_level_units": 8472,
  "reviewed_units": 2455,
  "verified_equivalence_records": 5,
  "reviewed_units_after_verified_equivalences": 2450,
  "reviewed_direct_units": 2075,
  "reviewed_derived_units": 380,
  "decisions": {
    "UNRESOLVED_ERROR": 6017,
    "KEEP": 2131,
    "REJECT": 250,
    "BORDERLINE": 74
  },
  "decision_percentages_of_reviewed": {
    "KEEP": 86.802,
    "BORDERLINE": 3.014,
    "REJECT": 10.183
  },
  "pending_known_units": 6017,
  "awaiting_content_review": 6012,
  "statement_unavailable_units": 5,
  "pending_containers": 0,
  "full_top_level_inventory_known": false,
  "embedded_unindexed_units_discovered": 50,
  "formats": [
    {
      "format": "theory",
      "reviewed": 1215,
      "KEEP": 942,
      "BORDERLINE": 64,
      "REJECT": 209
    },
    {
      "format": "multiple_choice",
      "reviewed": 733,
      "KEEP": 731,
      "BORDERLINE": 1,
      "REJECT": 1
    },
    {
      "format": "short_answer",
      "reviewed": 0,
      "KEEP": 0,
      "BORDERLINE": 0,
      "REJECT": 0
    },
    {
      "format": "numerical",
      "reviewed": 342,
      "KEEP": 304,
      "BORDERLINE": 3,
      "REJECT": 35
    },
    {
      "format": "experimental",
      "reviewed": 107,
      "KEEP": 101,
      "BORDERLINE": 3,
      "REJECT": 3
    },
    {
      "format": "data_analysis",
      "reviewed": 41,
      "KEEP": 37,
      "BORDERLINE": 3,
      "REJECT": 1
    },
    {
      "format": "mixed",
      "reviewed": 17,
      "KEEP": 16,
      "BORDERLINE": 0,
      "REJECT": 1
    },
    {
      "format": "unknown",
      "reviewed": 0,
      "KEEP": 0,
      "BORDERLINE": 0,
      "REJECT": 0
    }
  ],
  "domains": [
    {
      "domain": "I_force_motion",
      "KEEP": 1476,
      "BORDERLINE": 28,
      "REJECT": 5
    },
    {
      "domain": "II_oscillations_waves",
      "KEEP": 330,
      "BORDERLINE": 14,
      "REJECT": 7
    },
    {
      "domain": "III_ideal_gas",
      "KEEP": 117,
      "BORDERLINE": 7,
      "REJECT": 1
    },
    {
      "domain": "IV_thermodynamics",
      "KEEP": 175,
      "BORDERLINE": 15,
      "REJECT": 2
    },
    {
      "domain": "V_real_gas",
      "KEEP": 4,
      "BORDERLINE": 1,
      "REJECT": 0
    },
    {
      "domain": "VI_electric_field",
      "KEEP": 271,
      "BORDERLINE": 6,
      "REJECT": 2
    },
    {
      "domain": "VII_magnetic_field",
      "KEEP": 125,
      "BORDERLINE": 8,
      "REJECT": 3
    },
    {
      "domain": "VIII_induction",
      "KEEP": 44,
      "BORDERLINE": 4,
      "REJECT": 0
    },
    {
      "domain": "IX_em_oscillations_waves",
      "KEEP": 46,
      "BORDERLINE": 4,
      "REJECT": 0
    },
    {
      "domain": "X_wave_optics",
      "KEEP": 193,
      "BORDERLINE": 9,
      "REJECT": 0
    },
    {
      "domain": "XI_quantum_light",
      "KEEP": 60,
      "BORDERLINE": 7,
      "REJECT": 0
    },
    {
      "domain": "XII_atomic_nuclear",
      "KEEP": 43,
      "BORDERLINE": 3,
      "REJECT": 1
    }
  ],
  "selected_statement_physical_files": 186,
  "selected_all_physical_files": 480,
  "selected_raw_acquisition_files": 464,
  "source_linked_reference_files": 16,
  "curated_byte_size": 242540366,
  "hardlinks": 480,
  "copies": 0,
  "validated_file_types": {
    "pdf": 366,
    "zip": 53,
    "tex": 50,
    "exe": 1,
    "other": 10
  },
  "pdf_pages_validated": 3323,
  "visual_inspection_reviewed_units": 2240,
  "solution_used_reviewed_units": 187,
  "reviewed_source_sha256_count": 190,
  "zero_unexplained_identified_units": true,
  "zero_unexplained_source_rows": true,
  "whole_corpus_screening_complete": false,
  "validation_issues": [],
  "actual_operational_errors": 0
}
{
  "registered_units": 8472,
  "decisioned_units": 2455,
  "awaiting_content_review": 6012,
  "statement_unavailable": 5,
  "decisions": {
    "BORDERLINE": 74,
    "KEEP": 2131,
    "REJECT": 250
  },
  "containers_expanded": 233,
  "containers_pending": 0,
  "original_205_preserved": true,
  "new_second_review_units": 464,
  "total_distinct_second_review_units": 669,
  "low_confidence_units": 0,
  "focused_reviews_pending": 0
}
Raw check: 3312 files; 0 mismatches
