Physical papers: 1396 verified 344 pending 1052
{
  "updated_at": "2026-10-04T05:24:59.859064+00:00",
  "run_status": "INCOMPLETE",
  "direct_units": 6159,
  "derived_units": 2313,
  "identified_units": 8472,
  "decisions": {
    "UNRESOLVED_ERROR": 5877,
    "KEEP": 2224,
    "REJECT": 290,
    "BORDERLINE": 81
  },
  "screened_formats": {
    "theory": 1317,
    "experimental": 129,
    "mixed": 18,
    "multiple_choice": 733,
    "numerical": 351,
    "data_analysis": 47
  },
  "keep_domains": {
    "VI_electric_field": 283,
    "VII_magnetic_field": 139,
    "VIII_induction": 49,
    "IX_em_oscillations_waves": 51,
    "I_force_motion": 1527,
    "X_wave_optics": 203,
    "II_oscillations_waves": 354,
    "XI_quantum_light": 63,
    "III_ideal_gas": 128,
    "IV_thermodynamics": 187,
    "XII_atomic_nuclear": 44,
    "V_real_gas": 7,
    "XII_nuclear_physics": 2
  },
  "pending_content_units": 5877,
  "remaining_queue_items": 6929,
  "containers_pending": 0,
  "containers_expanded": 233,
  "pdfs_cached": 2984,
  "source_rows_accounted": 6392,
  "boundary_inventory_complete": false,
  "identified_unit_reconciliation": true,
  "unexplained_identified_units": 0,
  "awaiting_content_review": 5872,
  "explicit_statement_unavailable": 5,
  "focused_reviews_pending": 0,
  "pending_physical_paper_boundary_audits": 1052,
  "registered_inventory_is_provisional": true
}
{
  "selected_units": 2224,
  "verified_distinct_selected_questions": 2220,
  "unique_physical_files": 587,
  "raw_acquisition_files": 569,
  "source_linked_reference_files": 18,
  "source_linked_reference_associations": 19,
  "byte_size": 356656917,
  "hardlinks": 587,
  "copies": 0,
  "hash_mismatches": 0,
  "selection_is_complete": false
}
{
  "checked_at": "2026-10-04T05:25:05.240889+00:00",
  "run_status": "INCOMPLETE",
  "source_rows": 6392,
  "direct_units_in_inventory": 6159,
  "whole_paper_containers": 233,
  "identified_top_level_units": 8472,
  "reviewed_units": 2595,
  "verified_equivalence_records": 5,
  "reviewed_units_after_verified_equivalences": 2590,
  "reviewed_direct_units": 2215,
  "reviewed_derived_units": 380,
  "decisions": {
    "UNRESOLVED_ERROR": 5877,
    "KEEP": 2224,
    "REJECT": 290,
    "BORDERLINE": 81
  },
  "decision_percentages_of_reviewed": {
    "KEEP": 85.703,
    "BORDERLINE": 3.121,
    "REJECT": 11.175
  },
  "pending_known_units": 5877,
  "awaiting_content_review": 5872,
  "statement_unavailable_units": 5,
  "pending_containers": 0,
  "full_top_level_inventory_known": false,
  "embedded_unindexed_units_discovered": 50,
  "formats": [
    {
      "format": "theory",
      "reviewed": 1317,
      "KEEP": 1004,
      "BORDERLINE": 67,
      "REJECT": 246
    },
    {
      "format": "multiple_choice",
      "reviewed": 733,
      "KEEP": 731,
      "BORDERLINE": 1,
      "REJECT": 1
    },
    {
      "format": "short_answer",
      "reviewed": 0,
      "KEEP": 0,
      "BORDERLINE": 0,
      "REJECT": 0
    },
    {
      "format": "numerical",
      "reviewed": 351,
      "KEEP": 311,
      "BORDERLINE": 3,
      "REJECT": 37
    },
    {
      "format": "experimental",
      "reviewed": 129,
      "KEEP": 118,
      "BORDERLINE": 7,
      "REJECT": 4
    },
    {
      "format": "data_analysis",
      "reviewed": 47,
      "KEEP": 43,
      "BORDERLINE": 3,
      "REJECT": 1
    },
    {
      "format": "mixed",
      "reviewed": 18,
      "KEEP": 17,
      "BORDERLINE": 0,
      "REJECT": 1
    },
    {
      "format": "unknown",
      "reviewed": 0,
      "KEEP": 0,
      "BORDERLINE": 0,
      "REJECT": 0
    }
  ],
  "domains": [
    {
      "domain": "I_force_motion",
      "KEEP": 1527,
      "BORDERLINE": 33,
      "REJECT": 5
    },
    {
      "domain": "II_oscillations_waves",
      "KEEP": 354,
      "BORDERLINE": 17,
      "REJECT": 8
    },
    {
      "domain": "III_ideal_gas",
      "KEEP": 128,
      "BORDERLINE": 9,
      "REJECT": 1
    },
    {
      "domain": "IV_thermodynamics",
      "KEEP": 187,
      "BORDERLINE": 18,
      "REJECT": 3
    },
    {
      "domain": "V_real_gas",
      "KEEP": 7,
      "BORDERLINE": 2,
      "REJECT": 0
    },
    {
      "domain": "VI_electric_field",
      "KEEP": 283,
      "BORDERLINE": 6,
      "REJECT": 2
    },
    {
      "domain": "VII_magnetic_field",
      "KEEP": 139,
      "BORDERLINE": 8,
      "REJECT": 4
    },
    {
      "domain": "VIII_induction",
      "KEEP": 49,
      "BORDERLINE": 4,
      "REJECT": 0
    },
    {
      "domain": "IX_em_oscillations_waves",
      "KEEP": 51,
      "BORDERLINE": 5,
      "REJECT": 0
    },
    {
      "domain": "X_wave_optics",
      "KEEP": 203,
      "BORDERLINE": 9,
      "REJECT": 0
    },
    {
      "domain": "XI_quantum_light",
      "KEEP": 63,
      "BORDERLINE": 7,
      "REJECT": 0
    },
    {
      "domain": "XII_atomic_nuclear",
      "KEEP": 44,
      "BORDERLINE": 3,
      "REJECT": 1
    }
  ],
  "selected_statement_physical_files": 217,
  "selected_all_physical_files": 587,
  "selected_raw_acquisition_files": 569,
  "source_linked_reference_files": 18,
  "curated_byte_size": 356656917,
  "source_linked_reference_associations": 19,
  "hardlinks": 587,
  "copies": 0,
  "validated_file_types": {
    "pdf": 460,
    "zip": 60,
    "tex": 55,
    "other": 11,
    "exe": 1
  },
  "pdf_pages_validated": 3999,
  "visual_inspection_reviewed_units": 2380,
  "solution_used_reviewed_units": 206,
  "reviewed_source_sha256_count": 222,
  "zero_unexplained_identified_units": true,
  "zero_unexplained_source_rows": true,
  "whole_corpus_screening_complete": false,
  "validation_issues": [],
  "actual_operational_errors": 0
}
{
  "registered_units": 8472,
  "decisioned_units": 2595,
  "awaiting_content_review": 5872,
  "statement_unavailable": 5,
  "decisions": {
    "BORDERLINE": 81,
    "KEEP": 2224,
    "REJECT": 290
  },
  "containers_expanded": 233,
  "containers_pending": 0,
  "original_205_preserved": true,
  "new_second_review_units": 569,
  "total_distinct_second_review_units": 774,
  "low_confidence_units": 0,
  "focused_reviews_pending": 0
}
Raw check: 3312 files; 0 mismatches
