Physical papers: 1396 verified 303 pending 1093
{
  "updated_at": "2026-10-04T02:45:30.191228+00:00",
  "run_status": "INCOMPLETE",
  "direct_units": 6159,
  "derived_units": 2313,
  "identified_units": 8472,
  "decisions": {
    "UNRESOLVED_ERROR": 6337,
    "KEEP": 1926,
    "REJECT": 154,
    "BORDERLINE": 55
  },
  "screened_formats": {
    "theory": 987,
    "experimental": 92,
    "multiple_choice": 733,
    "mixed": 14,
    "numerical": 280,
    "data_analysis": 29
  },
  "keep_domains": {
    "I_force_motion": 1358,
    "II_oscillations_waves": 292,
    "VII_magnetic_field": 104,
    "IV_thermodynamics": 156,
    "XI_quantum_light": 57,
    "III_ideal_gas": 106,
    "X_wave_optics": 171,
    "VIII_induction": 40,
    "IX_em_oscillations_waves": 39,
    "VI_electric_field": 240,
    "XII_atomic_nuclear": 34,
    "V_real_gas": 1,
    "XII_nuclear_physics": 2
  },
  "pending_content_units": 6337,
  "remaining_queue_items": 7430,
  "containers_pending": 0,
  "containers_expanded": 233,
  "pdfs_cached": 2984,
  "source_rows_accounted": 6392,
  "boundary_inventory_complete": false,
  "identified_unit_reconciliation": true,
  "unexplained_identified_units": 0,
  "awaiting_content_review": 6333,
  "explicit_statement_unavailable": 4,
  "focused_reviews_pending": 0,
  "pending_physical_paper_boundary_audits": 1093,
  "registered_inventory_is_provisional": true
}
{
  "selected_units": 1926,
  "verified_distinct_selected_questions": 1922,
  "unique_physical_files": 469,
  "raw_acquisition_files": 455,
  "source_linked_reference_files": 14,
  "byte_size": 239759434,
  "hardlinks": 469,
  "copies": 0,
  "hash_mismatches": 0,
  "selection_is_complete": false
}
{
  "checked_at": "2026-10-04T02:45:34.509773+00:00",
  "run_status": "INCOMPLETE",
  "source_rows": 6392,
  "direct_units_in_inventory": 6159,
  "whole_paper_containers": 233,
  "identified_top_level_units": 8472,
  "reviewed_units": 2135,
  "reviewed_direct_units": 1755,
  "reviewed_derived_units": 380,
  "decisions": {
    "UNRESOLVED_ERROR": 6337,
    "KEEP": 1926,
    "REJECT": 154,
    "BORDERLINE": 55
  },
  "decision_percentages_of_reviewed": {
    "KEEP": 90.211,
    "BORDERLINE": 2.576,
    "REJECT": 7.213
  },
  "pending_known_units": 6337,
  "awaiting_content_review": 6333,
  "statement_unavailable_units": 4,
  "pending_containers": 0,
  "full_top_level_inventory_known": false,
  "embedded_unindexed_units_discovered": 50,
  "formats": [
    {
      "format": "theory",
      "reviewed": 987,
      "KEEP": 807,
      "BORDERLINE": 50,
      "REJECT": 130
    },
    {
      "format": "multiple_choice",
      "reviewed": 733,
      "KEEP": 731,
      "BORDERLINE": 1,
      "REJECT": 1
    },
    {
      "format": "short_answer",
      "reviewed": 0,
      "KEEP": 0,
      "BORDERLINE": 0,
      "REJECT": 0
    },
    {
      "format": "numerical",
      "reviewed": 280,
      "KEEP": 259,
      "BORDERLINE": 1,
      "REJECT": 20
    },
    {
      "format": "experimental",
      "reviewed": 92,
      "KEEP": 89,
      "BORDERLINE": 0,
      "REJECT": 3
    },
    {
      "format": "data_analysis",
      "reviewed": 29,
      "KEEP": 26,
      "BORDERLINE": 3,
      "REJECT": 0
    },
    {
      "format": "mixed",
      "reviewed": 14,
      "KEEP": 14,
      "BORDERLINE": 0,
      "REJECT": 0
    },
    {
      "format": "unknown",
      "reviewed": 0,
      "KEEP": 0,
      "BORDERLINE": 0,
      "REJECT": 0
    }
  ],
  "domains": [
    {
      "domain": "I_force_motion",
      "KEEP": 1358,
      "BORDERLINE": 20,
      "REJECT": 5
    },
    {
      "domain": "II_oscillations_waves",
      "KEEP": 292,
      "BORDERLINE": 11,
      "REJECT": 7
    },
    {
      "domain": "III_ideal_gas",
      "KEEP": 106,
      "BORDERLINE": 4,
      "REJECT": 1
    },
    {
      "domain": "IV_thermodynamics",
      "KEEP": 156,
      "BORDERLINE": 10,
      "REJECT": 2
    },
    {
      "domain": "V_real_gas",
      "KEEP": 1,
      "BORDERLINE": 0,
      "REJECT": 0
    },
    {
      "domain": "VI_electric_field",
      "KEEP": 240,
      "BORDERLINE": 5,
      "REJECT": 2
    },
    {
      "domain": "VII_magnetic_field",
      "KEEP": 104,
      "BORDERLINE": 7,
      "REJECT": 3
    },
    {
      "domain": "VIII_induction",
      "KEEP": 40,
      "BORDERLINE": 4,
      "REJECT": 0
    },
    {
      "domain": "IX_em_oscillations_waves",
      "KEEP": 39,
      "BORDERLINE": 3,
      "REJECT": 0
    },
    {
      "domain": "X_wave_optics",
      "KEEP": 171,
      "BORDERLINE": 5,
      "REJECT": 0
    },
    {
      "domain": "XI_quantum_light",
      "KEEP": 57,
      "BORDERLINE": 5,
      "REJECT": 0
    },
    {
      "domain": "XII_atomic_nuclear",
      "KEEP": 34,
      "BORDERLINE": 3,
      "REJECT": 1
    }
  ],
  "selected_statement_physical_files": 177,
  "selected_all_physical_files": 469,
  "selected_raw_acquisition_files": 455,
  "source_linked_reference_files": 14,
  "curated_byte_size": 239759434,
  "hardlinks": 469,
  "copies": 0,
  "validated_file_types": {
    "pdf": 357,
    "zip": 53,
    "tex": 50,
    "exe": 1,
    "other": 8
  },
  "pdf_pages_validated": 3247,
  "visual_inspection_reviewed_units": 1920,
  "solution_used_reviewed_units": 187,
  "reviewed_source_sha256_count": 181,
  "zero_unexplained_identified_units": true,
  "zero_unexplained_source_rows": true,
  "whole_corpus_screening_complete": false,
  "validation_issues": [],
  "actual_operational_errors": 0
}
{
  "registered_units": 8472,
  "decisioned_units": 2135,
  "awaiting_content_review": 6333,
  "statement_unavailable": 4,
  "decisions": {
    "BORDERLINE": 55,
    "KEEP": 1926,
    "REJECT": 154
  },
  "containers_expanded": 233,
  "containers_pending": 0,
  "original_205_preserved": true,
  "new_second_review_units": 276,
  "total_distinct_second_review_units": 481,
  "low_confidence_units": 0,
  "focused_reviews_pending": 0
}
Raw check: 3312 files; 0 mismatches
