Physical papers: 1396 verified 302 pending 1094
{
  "updated_at": "2026-10-04T02:38:44.464041+00:00",
  "run_status": "INCOMPLETE",
  "direct_units": 6159,
  "derived_units": 2313,
  "identified_units": 8472,
  "decisions": {
    "UNRESOLVED_ERROR": 6367,
    "KEEP": 1907,
    "REJECT": 147,
    "BORDERLINE": 51
  },
  "screened_formats": {
    "theory": 965,
    "experimental": 91,
    "multiple_choice": 733,
    "mixed": 14,
    "numerical": 274,
    "data_analysis": 28
  },
  "keep_domains": {
    "I_force_motion": 1348,
    "II_oscillations_waves": 289,
    "VII_magnetic_field": 103,
    "IV_thermodynamics": 156,
    "XI_quantum_light": 57,
    "III_ideal_gas": 104,
    "X_wave_optics": 167,
    "VIII_induction": 40,
    "IX_em_oscillations_waves": 39,
    "VI_electric_field": 239,
    "XII_atomic_nuclear": 34,
    "V_real_gas": 1,
    "XII_nuclear_physics": 2
  },
  "pending_content_units": 6367,
  "remaining_queue_items": 7461,
  "containers_pending": 0,
  "containers_expanded": 233,
  "pdfs_cached": 2984,
  "source_rows_accounted": 6392,
  "boundary_inventory_complete": false,
  "identified_unit_reconciliation": true,
  "unexplained_identified_units": 0,
  "awaiting_content_review": 6364,
  "explicit_statement_unavailable": 3,
  "focused_reviews_pending": 0,
  "pending_physical_paper_boundary_audits": 1094,
  "registered_inventory_is_provisional": true
}
{
  "selected_units": 1907,
  "verified_distinct_selected_questions": 1903,
  "unique_physical_files": 468,
  "raw_acquisition_files": 454,
  "source_linked_reference_files": 14,
  "byte_size": 239336656,
  "hardlinks": 468,
  "copies": 0,
  "hash_mismatches": 0,
  "selection_is_complete": false
}
{
  "checked_at": "2026-10-04T02:38:48.889734+00:00",
  "run_status": "INCOMPLETE",
  "source_rows": 6392,
  "direct_units_in_inventory": 6159,
  "whole_paper_containers": 233,
  "identified_top_level_units": 8472,
  "reviewed_units": 2105,
  "reviewed_direct_units": 1725,
  "reviewed_derived_units": 380,
  "decisions": {
    "UNRESOLVED_ERROR": 6367,
    "KEEP": 1907,
    "REJECT": 147,
    "BORDERLINE": 51
  },
  "decision_percentages_of_reviewed": {
    "KEEP": 90.594,
    "BORDERLINE": 2.423,
    "REJECT": 6.983
  },
  "pending_known_units": 6367,
  "awaiting_content_review": 6364,
  "statement_unavailable_units": 3,
  "pending_containers": 0,
  "full_top_level_inventory_known": false,
  "embedded_unindexed_units_discovered": 50,
  "formats": [
    {
      "format": "theory",
      "reviewed": 965,
      "KEEP": 794,
      "BORDERLINE": 46,
      "REJECT": 125
    },
    {
      "format": "multiple_choice",
      "reviewed": 733,
      "KEEP": 731,
      "BORDERLINE": 1,
      "REJECT": 1
    },
    {
      "format": "short_answer",
      "reviewed": 0,
      "KEEP": 0,
      "BORDERLINE": 0,
      "REJECT": 0
    },
    {
      "format": "numerical",
      "reviewed": 274,
      "KEEP": 254,
      "BORDERLINE": 1,
      "REJECT": 19
    },
    {
      "format": "experimental",
      "reviewed": 91,
      "KEEP": 89,
      "BORDERLINE": 0,
      "REJECT": 2
    },
    {
      "format": "data_analysis",
      "reviewed": 28,
      "KEEP": 25,
      "BORDERLINE": 3,
      "REJECT": 0
    },
    {
      "format": "mixed",
      "reviewed": 14,
      "KEEP": 14,
      "BORDERLINE": 0,
      "REJECT": 0
    },
    {
      "format": "unknown",
      "reviewed": 0,
      "KEEP": 0,
      "BORDERLINE": 0,
      "REJECT": 0
    }
  ],
  "domains": [
    {
      "domain": "I_force_motion",
      "KEEP": 1348,
      "BORDERLINE": 16,
      "REJECT": 5
    },
    {
      "domain": "II_oscillations_waves",
      "KEEP": 289,
      "BORDERLINE": 11,
      "REJECT": 7
    },
    {
      "domain": "III_ideal_gas",
      "KEEP": 104,
      "BORDERLINE": 4,
      "REJECT": 1
    },
    {
      "domain": "IV_thermodynamics",
      "KEEP": 156,
      "BORDERLINE": 9,
      "REJECT": 2
    },
    {
      "domain": "V_real_gas",
      "KEEP": 1,
      "BORDERLINE": 0,
      "REJECT": 0
    },
    {
      "domain": "VI_electric_field",
      "KEEP": 239,
      "BORDERLINE": 4,
      "REJECT": 2
    },
    {
      "domain": "VII_magnetic_field",
      "KEEP": 103,
      "BORDERLINE": 7,
      "REJECT": 3
    },
    {
      "domain": "VIII_induction",
      "KEEP": 40,
      "BORDERLINE": 4,
      "REJECT": 0
    },
    {
      "domain": "IX_em_oscillations_waves",
      "KEEP": 39,
      "BORDERLINE": 3,
      "REJECT": 0
    },
    {
      "domain": "X_wave_optics",
      "KEEP": 167,
      "BORDERLINE": 5,
      "REJECT": 0
    },
    {
      "domain": "XI_quantum_light",
      "KEEP": 57,
      "BORDERLINE": 5,
      "REJECT": 0
    },
    {
      "domain": "XII_atomic_nuclear",
      "KEEP": 34,
      "BORDERLINE": 3,
      "REJECT": 1
    }
  ],
  "selected_statement_physical_files": 176,
  "selected_all_physical_files": 468,
  "selected_raw_acquisition_files": 454,
  "source_linked_reference_files": 14,
  "curated_byte_size": 239336656,
  "hardlinks": 468,
  "copies": 0,
  "validated_file_types": {
    "pdf": 356,
    "zip": 53,
    "tex": 50,
    "exe": 1,
    "other": 8
  },
  "pdf_pages_validated": 3238,
  "visual_inspection_reviewed_units": 1890,
  "solution_used_reviewed_units": 187,
  "reviewed_source_sha256_count": 180,
  "zero_unexplained_identified_units": true,
  "zero_unexplained_source_rows": true,
  "whole_corpus_screening_complete": false,
  "validation_issues": [],
  "actual_operational_errors": 0
}
{
  "registered_units": 8472,
  "decisioned_units": 2105,
  "awaiting_content_review": 6364,
  "statement_unavailable": 3,
  "decisions": {
    "BORDERLINE": 51,
    "KEEP": 1907,
    "REJECT": 147
  },
  "containers_expanded": 233,
  "containers_pending": 0,
  "original_205_preserved": true,
  "new_second_review_units": 260,
  "total_distinct_second_review_units": 465,
  "low_confidence_units": 0,
  "focused_reviews_pending": 0
}
Raw check: 3312 files; 0 mismatches
