Physical papers: 1396 verified 299 pending 1097
{
  "updated_at": "2026-10-04T02:10:30.801066+00:00",
  "run_status": "INCOMPLETE",
  "direct_units": 6159,
  "derived_units": 2313,
  "identified_units": 8472,
  "decisions": {
    "UNRESOLVED_ERROR": 6473,
    "KEEP": 1831,
    "REJECT": 125,
    "BORDERLINE": 43
  },
  "screened_formats": {
    "theory": 897,
    "experimental": 83,
    "multiple_choice": 733,
    "mixed": 14,
    "numerical": 249,
    "data_analysis": 23
  },
  "keep_domains": {
    "I_force_motion": 1300,
    "II_oscillations_waves": 271,
    "VII_magnetic_field": 94,
    "IV_thermodynamics": 149,
    "XI_quantum_light": 54,
    "III_ideal_gas": 99,
    "X_wave_optics": 159,
    "VIII_induction": 39,
    "IX_em_oscillations_waves": 36,
    "VI_electric_field": 234,
    "XII_atomic_nuclear": 32,
    "V_real_gas": 1,
    "XII_nuclear_physics": 2
  },
  "pending_content_units": 6473,
  "remaining_queue_items": 7570,
  "containers_pending": 0,
  "containers_expanded": 233,
  "pdfs_cached": 2984,
  "source_rows_accounted": 6392,
  "boundary_inventory_complete": false,
  "identified_unit_reconciliation": true,
  "unexplained_identified_units": 0,
  "awaiting_content_review": 6470,
  "explicit_statement_unavailable": 3,
  "focused_reviews_pending": 0,
  "pending_physical_paper_boundary_audits": 1097,
  "registered_inventory_is_provisional": true
}
{
  "selected_units": 1831,
  "verified_distinct_selected_questions": 1827,
  "unique_physical_files": 460,
  "raw_acquisition_files": 451,
  "source_linked_reference_files": 9,
  "byte_size": 235211034,
  "hardlinks": 460,
  "copies": 0,
  "hash_mismatches": 0,
  "selection_is_complete": false
}
{
  "checked_at": "2026-10-04T02:10:35.073595+00:00",
  "run_status": "INCOMPLETE",
  "source_rows": 6392,
  "direct_units_in_inventory": 6159,
  "whole_paper_containers": 233,
  "identified_top_level_units": 8472,
  "reviewed_units": 1999,
  "reviewed_direct_units": 1619,
  "reviewed_derived_units": 380,
  "decisions": {
    "UNRESOLVED_ERROR": 6473,
    "KEEP": 1831,
    "REJECT": 125,
    "BORDERLINE": 43
  },
  "decision_percentages_of_reviewed": {
    "KEEP": 91.596,
    "BORDERLINE": 2.151,
    "REJECT": 6.253
  },
  "pending_known_units": 6473,
  "awaiting_content_review": 6470,
  "statement_unavailable_units": 3,
  "pending_containers": 0,
  "full_top_level_inventory_known": false,
  "embedded_unindexed_units_discovered": 50,
  "formats": [
    {
      "format": "theory",
      "reviewed": 897,
      "KEEP": 747,
      "BORDERLINE": 40,
      "REJECT": 110
    },
    {
      "format": "multiple_choice",
      "reviewed": 733,
      "KEEP": 731,
      "BORDERLINE": 1,
      "REJECT": 1
    },
    {
      "format": "short_answer",
      "reviewed": 0,
      "KEEP": 0,
      "BORDERLINE": 0,
      "REJECT": 0
    },
    {
      "format": "numerical",
      "reviewed": 249,
      "KEEP": 234,
      "BORDERLINE": 1,
      "REJECT": 14
    },
    {
      "format": "experimental",
      "reviewed": 83,
      "KEEP": 83,
      "BORDERLINE": 0,
      "REJECT": 0
    },
    {
      "format": "data_analysis",
      "reviewed": 23,
      "KEEP": 22,
      "BORDERLINE": 1,
      "REJECT": 0
    },
    {
      "format": "mixed",
      "reviewed": 14,
      "KEEP": 14,
      "BORDERLINE": 0,
      "REJECT": 0
    },
    {
      "format": "unknown",
      "reviewed": 0,
      "KEEP": 0,
      "BORDERLINE": 0,
      "REJECT": 0
    }
  ],
  "domains": [
    {
      "domain": "I_force_motion",
      "KEEP": 1300,
      "BORDERLINE": 15,
      "REJECT": 5
    },
    {
      "domain": "II_oscillations_waves",
      "KEEP": 271,
      "BORDERLINE": 9,
      "REJECT": 7
    },
    {
      "domain": "III_ideal_gas",
      "KEEP": 99,
      "BORDERLINE": 3,
      "REJECT": 1
    },
    {
      "domain": "IV_thermodynamics",
      "KEEP": 149,
      "BORDERLINE": 8,
      "REJECT": 2
    },
    {
      "domain": "V_real_gas",
      "KEEP": 1,
      "BORDERLINE": 0,
      "REJECT": 0
    },
    {
      "domain": "VI_electric_field",
      "KEEP": 234,
      "BORDERLINE": 4,
      "REJECT": 2
    },
    {
      "domain": "VII_magnetic_field",
      "KEEP": 94,
      "BORDERLINE": 7,
      "REJECT": 3
    },
    {
      "domain": "VIII_induction",
      "KEEP": 39,
      "BORDERLINE": 4,
      "REJECT": 0
    },
    {
      "domain": "IX_em_oscillations_waves",
      "KEEP": 36,
      "BORDERLINE": 3,
      "REJECT": 0
    },
    {
      "domain": "X_wave_optics",
      "KEEP": 159,
      "BORDERLINE": 5,
      "REJECT": 0
    },
    {
      "domain": "XI_quantum_light",
      "KEEP": 54,
      "BORDERLINE": 4,
      "REJECT": 0
    },
    {
      "domain": "XII_atomic_nuclear",
      "KEEP": 32,
      "BORDERLINE": 0,
      "REJECT": 1
    }
  ],
  "selected_statement_physical_files": 173,
  "selected_all_physical_files": 460,
  "selected_raw_acquisition_files": 451,
  "source_linked_reference_files": 9,
  "curated_byte_size": 235211034,
  "hardlinks": 460,
  "copies": 0,
  "validated_file_types": {
    "pdf": 351,
    "zip": 53,
    "tex": 50,
    "exe": 1,
    "other": 5
  },
  "pdf_pages_validated": 3133,
  "visual_inspection_reviewed_units": 1784,
  "solution_used_reviewed_units": 187,
  "reviewed_source_sha256_count": 177,
  "zero_unexplained_identified_units": true,
  "zero_unexplained_source_rows": true,
  "whole_corpus_screening_complete": false,
  "validation_issues": [],
  "actual_operational_errors": 0
}
{
  "registered_units": 8472,
  "decisioned_units": 1999,
  "awaiting_content_review": 6470,
  "statement_unavailable": 3,
  "decisions": {
    "BORDERLINE": 43,
    "KEEP": 1831,
    "REJECT": 125
  },
  "containers_expanded": 233,
  "containers_pending": 0,
  "original_205_preserved": true,
  "new_second_review_units": 223,
  "total_distinct_second_review_units": 428,
  "low_confidence_units": 0,
  "focused_reviews_pending": 0
}
Raw check: 3312 files; 0 mismatches
