Physical papers: 1396 verified 329 pending 1067
{
  "updated_at": "2026-10-04T04:59:15.960874+00:00",
  "run_status": "INCOMPLETE",
  "direct_units": 6159,
  "derived_units": 2313,
  "identified_units": 8472,
  "decisions": {
    "UNRESOLVED_ERROR": 5892,
    "KEEP": 2210,
    "REJECT": 289,
    "BORDERLINE": 81
  },
  "screened_formats": {
    "theory": 1308,
    "experimental": 123,
    "mixed": 18,
    "multiple_choice": 733,
    "numerical": 351,
    "data_analysis": 47
  },
  "keep_domains": {
    "I_force_motion": 1518,
    "III_ideal_gas": 127,
    "VII_magnetic_field": 133,
    "VIII_induction": 46,
    "II_oscillations_waves": 348,
    "IV_thermodynamics": 187,
    "X_wave_optics": 198,
    "VI_electric_field": 281,
    "XI_quantum_light": 62,
    "XII_atomic_nuclear": 44,
    "IX_em_oscillations_waves": 48,
    "V_real_gas": 7,
    "XII_nuclear_physics": 2
  },
  "pending_content_units": 5892,
  "remaining_queue_items": 6959,
  "containers_pending": 0,
  "containers_expanded": 233,
  "pdfs_cached": 2984,
  "source_rows_accounted": 6392,
  "boundary_inventory_complete": false,
  "identified_unit_reconciliation": true,
  "unexplained_identified_units": 0,
  "awaiting_content_review": 5887,
  "explicit_statement_unavailable": 5,
  "focused_reviews_pending": 0,
  "pending_physical_paper_boundary_audits": 1067,
  "registered_inventory_is_provisional": true
}
{
  "selected_units": 2210,
  "verified_distinct_selected_questions": 2206,
  "unique_physical_files": 520,
  "raw_acquisition_files": 503,
  "source_linked_reference_files": 17,
  "byte_size": 289826889,
  "hardlinks": 520,
  "copies": 0,
  "hash_mismatches": 0,
  "selection_is_complete": false
}
{
  "checked_at": "2026-10-04T04:59:20.894956+00:00",
  "run_status": "INCOMPLETE",
  "source_rows": 6392,
  "direct_units_in_inventory": 6159,
  "whole_paper_containers": 233,
  "identified_top_level_units": 8472,
  "reviewed_units": 2580,
  "verified_equivalence_records": 5,
  "reviewed_units_after_verified_equivalences": 2575,
  "reviewed_direct_units": 2200,
  "reviewed_derived_units": 380,
  "decisions": {
    "UNRESOLVED_ERROR": 5892,
    "KEEP": 2210,
    "REJECT": 289,
    "BORDERLINE": 81
  },
  "decision_percentages_of_reviewed": {
    "KEEP": 85.659,
    "BORDERLINE": 3.14,
    "REJECT": 11.202
  },
  "pending_known_units": 5892,
  "awaiting_content_review": 5887,
  "statement_unavailable_units": 5,
  "pending_containers": 0,
  "full_top_level_inventory_known": false,
  "embedded_unindexed_units_discovered": 50,
  "formats": [
    {
      "format": "theory",
      "reviewed": 1308,
      "KEEP": 996,
      "BORDERLINE": 67,
      "REJECT": 245
    },
    {
      "format": "multiple_choice",
      "reviewed": 733,
      "KEEP": 731,
      "BORDERLINE": 1,
      "REJECT": 1
    },
    {
      "format": "short_answer",
      "reviewed": 0,
      "KEEP": 0,
      "BORDERLINE": 0,
      "REJECT": 0
    },
    {
      "format": "numerical",
      "reviewed": 351,
      "KEEP": 311,
      "BORDERLINE": 3,
      "REJECT": 37
    },
    {
      "format": "experimental",
      "reviewed": 123,
      "KEEP": 112,
      "BORDERLINE": 7,
      "REJECT": 4
    },
    {
      "format": "data_analysis",
      "reviewed": 47,
      "KEEP": 43,
      "BORDERLINE": 3,
      "REJECT": 1
    },
    {
      "format": "mixed",
      "reviewed": 18,
      "KEEP": 17,
      "BORDERLINE": 0,
      "REJECT": 1
    },
    {
      "format": "unknown",
      "reviewed": 0,
      "KEEP": 0,
      "BORDERLINE": 0,
      "REJECT": 0
    }
  ],
  "domains": [
    {
      "domain": "I_force_motion",
      "KEEP": 1518,
      "BORDERLINE": 33,
      "REJECT": 5
    },
    {
      "domain": "II_oscillations_waves",
      "KEEP": 348,
      "BORDERLINE": 17,
      "REJECT": 7
    },
    {
      "domain": "III_ideal_gas",
      "KEEP": 127,
      "BORDERLINE": 9,
      "REJECT": 1
    },
    {
      "domain": "IV_thermodynamics",
      "KEEP": 187,
      "BORDERLINE": 18,
      "REJECT": 2
    },
    {
      "domain": "V_real_gas",
      "KEEP": 7,
      "BORDERLINE": 2,
      "REJECT": 0
    },
    {
      "domain": "VI_electric_field",
      "KEEP": 281,
      "BORDERLINE": 6,
      "REJECT": 2
    },
    {
      "domain": "VII_magnetic_field",
      "KEEP": 133,
      "BORDERLINE": 8,
      "REJECT": 3
    },
    {
      "domain": "VIII_induction",
      "KEEP": 46,
      "BORDERLINE": 4,
      "REJECT": 0
    },
    {
      "domain": "IX_em_oscillations_waves",
      "KEEP": 48,
      "BORDERLINE": 5,
      "REJECT": 0
    },
    {
      "domain": "X_wave_optics",
      "KEEP": 198,
      "BORDERLINE": 9,
      "REJECT": 0
    },
    {
      "domain": "XI_quantum_light",
      "KEEP": 62,
      "BORDERLINE": 7,
      "REJECT": 0
    },
    {
      "domain": "XII_atomic_nuclear",
      "KEEP": 44,
      "BORDERLINE": 3,
      "REJECT": 1
    }
  ],
  "selected_statement_physical_files": 203,
  "selected_all_physical_files": 520,
  "selected_raw_acquisition_files": 503,
  "source_linked_reference_files": 17,
  "curated_byte_size": 289826889,
  "hardlinks": 520,
  "copies": 0,
  "validated_file_types": {
    "pdf": 401,
    "zip": 55,
    "tex": 52,
    "exe": 1,
    "other": 11
  },
  "pdf_pages_validated": 3622,
  "visual_inspection_reviewed_units": 2365,
  "solution_used_reviewed_units": 195,
  "reviewed_source_sha256_count": 207,
  "zero_unexplained_identified_units": true,
  "zero_unexplained_source_rows": true,
  "whole_corpus_screening_complete": false,
  "validation_issues": [],
  "actual_operational_errors": 0
}
{
  "registered_units": 8472,
  "decisioned_units": 2580,
  "awaiting_content_review": 5887,
  "statement_unavailable": 5,
  "decisions": {
    "BORDERLINE": 81,
    "KEEP": 2210,
    "REJECT": 289
  },
  "containers_expanded": 233,
  "containers_pending": 0,
  "original_205_preserved": true,
  "new_second_review_units": 557,
  "total_distinct_second_review_units": 762,
  "low_confidence_units": 0,
  "focused_reviews_pending": 0
}
Raw check: 3312 files; 0 mismatches
